I'm sorry, but errors were detected in your script. Please correct the
errors listed below, and try again.


File "game/script.rpy", line 73: menu statement expects a non-empty block.
    menu:
        ^

File "game/script.rpy", line 74: expected statement.
    "Chose Eillen to date":
                          ^

File "game/script.rpy", line 76: expected statement.
    "Chose Sara to date":
                        ^

Ren'Py Version: Ren'Py 8.2.1.24030407
Sun May 19 20:26:09 2024
